\BOOKMARK [0][-]{section*.4}{\376\377\000L\000i\000s\000t\000\040\000o\000f\000\040\000A\000b\000b\000r\000e\000v\000i\000a\000t\000i\000o\000n\000s}{}% 1
\BOOKMARK [0][-]{chapter*.6}{\376\377\000G\000e\000n\000e\000r\000a\000l\000\040\000I\000n\000t\000r\000o\000d\000u\000c\000t\000i\000o\000n}{}% 2
\BOOKMARK [0][-]{chapter.1}{\376\377\000P\000R\000O\000J\000E\000C\000T\000\040\000G\000E\000N\000E\000R\000A\000L\000\040\000F\000R\000A\000M\000E\000W\000O\000R\000K}{}% 3
\BOOKMARK [1][-]{section.1.1}{\376\377\000I\000n\000t\000r\000o\000d\000u\000c\000t\000i\000o\000n}{chapter.1}% 4
\BOOKMARK [1][-]{section.1.2}{\376\377\000H\000o\000s\000t\000\040\000O\000r\000g\000a\000n\000i\000z\000a\000t\000i\000o\000n\000\040\000P\000r\000e\000s\000e\000n\000t\000a\000t\000i\000o\000n}{chapter.1}% 5
\BOOKMARK [1][-]{section.1.3}{\376\377\000G\000e\000n\000e\000r\000a\000l\000\040\000P\000r\000o\000j\000e\000c\000t\000\040\000O\000v\000e\000r\000v\000i\000e\000w}{chapter.1}% 6
\BOOKMARK [2][-]{subsection.1.3.1}{\376\377\000P\000r\000o\000j\000e\000c\000t\000\040\000F\000r\000a\000m\000e\000w\000o\000r\000k}{section.1.3}% 7
\BOOKMARK [2][-]{subsection.1.3.2}{\376\377\000S\000t\000u\000d\000y\000\040\000o\000f\000\040\000E\000x\000i\000s\000t\000i\000n\000g\000\040\000S\000o\000l\000u\000t\000i\000o\000n\000s}{section.1.3}% 8
\BOOKMARK [2][-]{subsection.1.3.3}{\376\377\000C\000r\000i\000t\000i\000c\000a\000l\000\040\000A\000n\000a\000l\000y\000s\000i\000s\000\040\000o\000f\000\040\000t\000h\000e\000\040\000E\000x\000i\000s\000t\000i\000n\000g\000\040\000S\000y\000s\000t\000e\000m}{section.1.3}% 9
\BOOKMARK [2][-]{subsection.1.3.4}{\376\377\000P\000r\000o\000b\000l\000e\000m\000\040\000S\000t\000a\000t\000e\000m\000e\000n\000t}{section.1.3}% 10
\BOOKMARK [2][-]{subsection.1.3.5}{\376\377\000P\000r\000o\000p\000o\000s\000e\000d\000\040\000S\000o\000l\000u\000t\000i\000o\000n}{section.1.3}% 11
\BOOKMARK [1][-]{section.1.4}{\376\377\000A\000d\000o\000p\000t\000e\000d\000\040\000M\000e\000t\000h\000o\000d\000o\000l\000o\000g\000y}{chapter.1}% 12
\BOOKMARK [2][-]{subsection.1.4.1}{\376\377\000M\000e\000t\000h\000o\000d\000o\000l\000o\000g\000i\000c\000a\000l\000\040\000F\000r\000a\000m\000e\000w\000o\000r\000k\000\040\000S\000e\000l\000e\000c\000t\000i\000o\000n}{section.1.4}% 13
\BOOKMARK [2][-]{subsection.1.4.2}{\376\377\000O\000v\000e\000r\000v\000i\000e\000w\000\040\000o\000f\000\040\000C\000R\000I\000S\000P\000-\000D\000M}{section.1.4}% 14
\BOOKMARK [2][-]{subsection.1.4.3}{\376\377\000O\000v\000e\000r\000v\000i\000e\000w\000\040\000o\000f\000\040\000T\000D\000S\000P}{section.1.4}% 15
\BOOKMARK [2][-]{subsection.1.4.4}{\376\377\000O\000v\000e\000r\000v\000i\000e\000w\000\040\000o\000f\000\040\000D\000S\000R}{section.1.4}% 16
\BOOKMARK [2][-]{subsection.1.4.5}{\376\377\000M\000e\000t\000h\000o\000d\000o\000l\000o\000g\000i\000e\000s\000\040\000C\000o\000m\000p\000a\000r\000i\000s\000o\000n}{section.1.4}% 17
\BOOKMARK [2][-]{subsection.1.4.6}{\376\377\000W\000h\000y\000\040\000W\000e\000\040\000C\000h\000o\000s\000e\000\040\000D\000S\000R}{section.1.4}% 18
\BOOKMARK [2][-]{subsection.1.4.7}{\376\377\000O\000u\000r\000\040\000A\000d\000a\000p\000t\000e\000d\000\040\000D\000S\000R\000\040\000L\000i\000f\000e\000c\000y\000c\000l\000e}{section.1.4}% 19
\BOOKMARK [1][-]{section.1.5}{\376\377\000C\000h\000o\000i\000c\000e\000\040\000o\000f\000\040\000S\000e\000r\000v\000i\000c\000e\000s\000,\000\040\000T\000e\000c\000h\000n\000o\000l\000o\000g\000i\000e\000s\000,\000\040\000a\000n\000d\000\040\000T\000o\000o\000l\000s}{chapter.1}% 20
\BOOKMARK [2][-]{subsection.1.5.1}{\376\377\000A\000z\000u\000r\000e\000\040\000A\000I\000\040\000F\000o\000u\000n\000d\000r\000y\000:\000\040\000A\000c\000c\000e\000s\000s\000\040\000t\000o\000\040\000S\000t\000a\000t\000e\000-\000o\000f\000-\000t\000h\000e\000-\000A\000r\000t\000\040\000L\000a\000n\000g\000u\000a\000g\000e\000\040\000M\000o\000d\000e\000l\000s}{section.1.5}% 21
\BOOKMARK [2][-]{subsection.1.5.2}{\376\377\000G\000o\000o\000g\000l\000e\000\040\000V\000e\000r\000t\000e\000x\000\040\000A\000I\000:\000\040\000O\000C\000R\000\040\000E\000x\000t\000r\000a\000c\000t\000i\000o\000n\000\040\000f\000r\000o\000m\000\040\000I\000m\000a\000g\000e\000-\000B\000a\000s\000e\000d\000\040\000P\000D\000F\000s}{section.1.5}% 22
\BOOKMARK [2][-]{subsection.1.5.3}{\376\377\000O\000V\000H\000\040\000A\000I\000\040\000N\000o\000t\000e\000b\000o\000o\000k\000s\000:\000\040\000G\000P\000U\000\040\000R\000e\000s\000o\000u\000r\000c\000e\000s\000\040\000f\000o\000r\000\040\000F\000i\000n\000e\000-\000T\000u\000n\000i\000n\000g}{section.1.5}% 23
\BOOKMARK [2][-]{subsection.1.5.4}{\376\377\000V\000i\000s\000u\000a\000l\000\040\000S\000t\000u\000d\000i\000o\000\040\000C\000o\000d\000e}{section.1.5}% 24
\BOOKMARK [2][-]{subsection.1.5.5}{\376\377\000P\000y\000t\000h\000o\000n}{section.1.5}% 25
\BOOKMARK [2][-]{subsection.1.5.6}{\376\377\000n\0008\000n}{section.1.5}% 26
\BOOKMARK [2][-]{subsection.1.5.7}{\376\377\000F\000a\000s\000t\000A\000P\000I}{section.1.5}% 27
\BOOKMARK [1][-]{section.1.6}{\376\377\000C\000o\000n\000c\000l\000u\000s\000i\000o\000n}{chapter.1}% 28
\BOOKMARK [0][-]{chapter.2}{\376\377\000P\000R\000O\000B\000L\000E\000M\000\040\000I\000D\000E\000N\000T\000I\000F\000I\000C\000A\000T\000I\000O\000N\000\040\000A\000N\000D\000\040\000M\000O\000T\000I\000V\000A\000T\000I\000O\000N}{}% 29
\BOOKMARK [1][-]{section.2.1}{\376\377\000I\000n\000t\000r\000o\000d\000u\000c\000t\000i\000o\000n}{chapter.2}% 30
\BOOKMARK [1][-]{section.2.2}{\376\377\000L\000a\000r\000g\000e\000\040\000L\000a\000n\000g\000u\000a\000g\000e\000\040\000M\000o\000d\000e\000l\000s}{chapter.2}% 31
\BOOKMARK [2][-]{subsection.2.2.1}{\376\377\000D\000e\000f\000i\000n\000i\000n\000g\000\040\000L\000a\000r\000g\000e\000\040\000L\000a\000n\000g\000u\000a\000g\000e\000\040\000M\000o\000d\000e\000l\000s}{section.2.2}% 32
\BOOKMARK [2][-]{subsection.2.2.2}{\376\377\000T\000h\000e\000\040\000T\000r\000a\000n\000s\000f\000o\000r\000m\000e\000r\000\040\000A\000r\000c\000h\000i\000t\000e\000c\000t\000u\000r\000e}{section.2.2}% 33
\BOOKMARK [2][-]{subsection.2.2.3}{\376\377\000P\000r\000e\000-\000T\000r\000a\000i\000n\000i\000n\000g\000\040\000a\000n\000d\000\040\000T\000r\000a\000n\000s\000f\000e\000r\000\040\000L\000e\000a\000r\000n\000i\000n\000g}{section.2.2}% 34
\BOOKMARK [2][-]{subsection.2.2.4}{\376\377\000K\000e\000y\000\040\000M\000o\000d\000e\000l\000\040\000F\000a\000m\000i\000l\000i\000e\000s}{section.2.2}% 35
\BOOKMARK [1][-]{section.2.3}{\376\377\000F\000i\000n\000e\000-\000T\000u\000n\000i\000n\000g\000\040\000T\000e\000c\000h\000n\000i\000q\000u\000e\000s\000\040\000f\000o\000r\000\040\000D\000o\000m\000a\000i\000n\000\040\000A\000d\000a\000p\000t\000a\000t\000i\000o\000n}{chapter.2}% 36
\BOOKMARK [2][-]{subsection.2.3.1}{\376\377\000F\000u\000l\000l\000\040\000F\000i\000n\000e\000-\000T\000u\000n\000i\000n\000g}{section.2.3}% 37
\BOOKMARK [2][-]{subsection.2.3.2}{\376\377\000P\000a\000r\000a\000m\000e\000t\000e\000r\000-\000E\000f\000f\000i\000c\000i\000e\000n\000t\000\040\000F\000i\000n\000e\000-\000T\000u\000n\000i\000n\000g}{section.2.3}% 38
\BOOKMARK [2][-]{subsection.2.3.3}{\376\377\000D\000o\000m\000a\000i\000n\000\040\000A\000d\000a\000p\000t\000a\000t\000i\000o\000n\000\040\000i\000n\000\040\000S\000p\000e\000c\000i\000a\000l\000i\000z\000e\000d\000\040\000F\000i\000e\000l\000d\000s}{section.2.3}% 39
\BOOKMARK [1][-]{section.2.4}{\376\377\000R\000e\000t\000r\000i\000e\000v\000a\000l\000-\000A\000u\000g\000m\000e\000n\000t\000e\000d\000\040\000G\000e\000n\000e\000r\000a\000t\000i\000o\000n}{chapter.2}% 40
\BOOKMARK [2][-]{subsection.2.4.1}{\376\377\000T\000h\000e\000\040\000H\000a\000l\000l\000u\000c\000i\000n\000a\000t\000i\000o\000n\000\040\000P\000r\000o\000b\000l\000e\000m}{section.2.4}% 41
\BOOKMARK [2][-]{subsection.2.4.2}{\376\377\000T\000h\000e\000\040\000R\000A\000G\000\040\000P\000a\000r\000a\000d\000i\000g\000m}{section.2.4}% 42
\BOOKMARK [2][-]{subsection.2.4.3}{\376\377\000V\000e\000c\000t\000o\000r\000\040\000D\000a\000t\000a\000b\000a\000s\000e\000s\000\040\000a\000n\000d\000\040\000E\000m\000b\000e\000d\000d\000i\000n\000g\000\040\000M\000o\000d\000e\000l\000s}{section.2.4}% 43
\BOOKMARK [2][-]{subsection.2.4.4}{\376\377\000C\000h\000u\000n\000k\000i\000n\000g\000\040\000S\000t\000r\000a\000t\000e\000g\000i\000e\000s}{section.2.4}% 44
\BOOKMARK [1][-]{section.2.5}{\376\377\000A\000I\000\040\000f\000o\000r\000\040\000L\000e\000g\000a\000l\000\040\000A\000p\000p\000l\000i\000c\000a\000t\000i\000o\000n\000s}{chapter.2}% 45
\BOOKMARK [2][-]{subsection.2.5.1}{\376\377\000C\000h\000a\000l\000l\000e\000n\000g\000e\000s\000\040\000S\000p\000e\000c\000i\000f\000i\000c\000\040\000t\000o\000\040\000L\000e\000g\000a\000l\000\040\000N\000L\000P}{section.2.5}% 46
\BOOKMARK [2][-]{subsection.2.5.2}{\376\377\000E\000x\000i\000s\000t\000i\000n\000g\000\040\000L\000e\000g\000a\000l\000\040\000A\000I\000\040\000S\000y\000s\000t\000e\000m\000s\000\040\000W\000o\000r\000l\000d\000w\000i\000d\000e}{section.2.5}% 47
\BOOKMARK [2][-]{subsection.2.5.3}{\376\377\000A\000r\000a\000b\000i\000c\000\040\000a\000n\000d\000\040\000F\000r\000e\000n\000c\000h\000\040\000L\000e\000g\000a\000l\000\040\000N\000L\000P}{section.2.5}% 48
\BOOKMARK [1][-]{section.2.6}{\376\377\000O\000n\000-\000P\000r\000e\000m\000i\000s\000e\000s\000\040\000L\000L\000M\000\040\000D\000e\000p\000l\000o\000y\000m\000e\000n\000t}{chapter.2}% 49
\BOOKMARK [2][-]{subsection.2.6.1}{\376\377\000M\000o\000d\000e\000l\000\040\000Q\000u\000a\000n\000t\000i\000z\000a\000t\000i\000o\000n\000\040\000T\000e\000c\000h\000n\000i\000q\000u\000e\000s}{section.2.6}% 50
\BOOKMARK [2][-]{subsection.2.6.2}{\376\377\000L\000o\000c\000a\000l\000\040\000I\000n\000f\000e\000r\000e\000n\000c\000e\000\040\000F\000r\000a\000m\000e\000w\000o\000r\000k\000s}{section.2.6}% 51
\BOOKMARK [2][-]{subsection.2.6.3}{\376\377\000H\000a\000r\000d\000w\000a\000r\000e\000\040\000C\000o\000n\000s\000t\000r\000a\000i\000n\000t\000s\000\040\000a\000n\000d\000\040\000O\000p\000t\000i\000m\000i\000z\000a\000t\000i\000o\000n}{section.2.6}% 52
\BOOKMARK [1][-]{section.2.7}{\376\377\000C\000o\000m\000p\000a\000r\000a\000t\000i\000v\000e\000\040\000S\000t\000u\000d\000y\000\040\000o\000f\000\040\000E\000x\000i\000s\000t\000i\000n\000g\000\040\000L\000e\000g\000a\000l\000\040\000A\000I\000\040\000S\000o\000l\000u\000t\000i\000o\000n\000s}{chapter.2}% 53
\BOOKMARK [1][-]{section.2.8}{\376\377\000F\000u\000n\000c\000t\000i\000o\000n\000a\000l\000\040\000a\000n\000d\000\040\000N\000o\000n\000-\000F\000u\000n\000c\000t\000i\000o\000n\000a\000l\000\040\000R\000e\000q\000u\000i\000r\000e\000m\000e\000n\000t\000s}{chapter.2}% 54
\BOOKMARK [2][-]{subsection.2.8.1}{\376\377\000F\000u\000n\000c\000t\000i\000o\000n\000a\000l\000\040\000R\000e\000q\000u\000i\000r\000e\000m\000e\000n\000t\000s}{section.2.8}% 55
\BOOKMARK [2][-]{subsection.2.8.2}{\376\377\000N\000o\000n\000-\000F\000u\000n\000c\000t\000i\000o\000n\000a\000l\000\040\000R\000e\000q\000u\000i\000r\000e\000m\000e\000n\000t\000s}{section.2.8}% 56
\BOOKMARK [1][-]{section.2.9}{\376\377\000C\000o\000n\000c\000l\000u\000s\000i\000o\000n}{chapter.2}% 57
\BOOKMARK [0][-]{chapter.3}{\376\377\000D\000E\000S\000I\000G\000N\000\040\000A\000N\000D\000\040\000D\000E\000V\000E\000L\000O\000P\000M\000E\000N\000T}{}% 58
\BOOKMARK [1][-]{section.3.1}{\376\377\000I\000n\000t\000r\000o\000d\000u\000c\000t\000i\000o\000n}{chapter.3}% 59
\BOOKMARK [1][-]{section.3.2}{\376\377\000D\000e\000f\000i\000n\000i\000t\000i\000o\000n\000\040\000o\000f\000\040\000O\000b\000j\000e\000c\000t\000i\000v\000e\000s}{chapter.3}% 60
\BOOKMARK [1][-]{section.3.3}{\376\377\000P\000a\000r\000t\000\040\000I\000:\000\040\000R\000A\000G\000\040\000S\000y\000s\000t\000e\000m\000\040\000I\000m\000p\000l\000e\000m\000e\000n\000t\000a\000t\000i\000o\000n}{chapter.3}% 61
\BOOKMARK [2][-]{subsection.3.3.1}{\376\377\000S\000y\000s\000t\000e\000m\000\040\000A\000r\000c\000h\000i\000t\000e\000c\000t\000u\000r\000e}{section.3.3}% 62
\BOOKMARK [2][-]{subsection.3.3.2}{\376\377\000P\000i\000p\000e\000l\000i\000n\000e\000\040\000O\000r\000c\000h\000e\000s\000t\000r\000a\000t\000i\000o\000n}{section.3.3}% 63
\BOOKMARK [2][-]{subsection.3.3.3}{\376\377\000L\000e\000g\000a\000l\000\040\000C\000o\000r\000p\000u\000s\000\040\000A\000c\000q\000u\000i\000s\000i\000t\000i\000o\000n}{section.3.3}% 64
\BOOKMARK [2][-]{subsection.3.3.4}{\376\377\000T\000e\000x\000t\000\040\000E\000x\000t\000r\000a\000c\000t\000i\000o\000n\000\040\000a\000n\000d\000\040\000A\000r\000t\000i\000c\000l\000e\000\040\000S\000t\000r\000u\000c\000t\000u\000r\000i\000n\000g}{section.3.3}% 65
\BOOKMARK [2][-]{subsection.3.3.5}{\376\377\000E\000m\000b\000e\000d\000d\000i\000n\000g\000\040\000a\000n\000d\000\040\000V\000e\000c\000t\000o\000r\000\040\000S\000t\000o\000r\000a\000g\000e}{section.3.3}% 66
\BOOKMARK [1][-]{section.3.4}{\376\377\000P\000a\000r\000t\000\040\000I\000I\000:\000\040\000F\000i\000n\000e\000-\000T\000u\000n\000i\000n\000g}{chapter.3}% 67
\BOOKMARK [2][-]{subsection.3.4.1}{\376\377\000B\000a\000s\000e\000\040\000M\000o\000d\000e\000l\000\040\000S\000e\000l\000e\000c\000t\000i\000o\000n}{section.3.4}% 68
\BOOKMARK [2][-]{subsection.3.4.2}{\376\377\000T\000r\000a\000i\000n\000i\000n\000g\000\040\000D\000a\000t\000a\000\040\000S\000y\000n\000t\000h\000e\000s\000i\000s}{section.3.4}% 69
\BOOKMARK [2][-]{subsection.3.4.3}{\376\377\000F\000i\000n\000e\000-\000T\000u\000n\000i\000n\000g\000\040\000M\000e\000t\000h\000o\000d\000o\000l\000o\000g\000y}{section.3.4}% 70
\BOOKMARK [2][-]{subsection.3.4.4}{\376\377\000T\000r\000a\000i\000n\000i\000n\000g\000\040\000C\000o\000n\000f\000i\000g\000u\000r\000a\000t\000i\000o\000n}{section.3.4}% 71
\BOOKMARK [2][-]{subsection.3.4.5}{\376\377\000Q\000u\000a\000n\000t\000i\000z\000a\000t\000i\000o\000n\000\040\000a\000n\000d\000\040\000D\000e\000p\000l\000o\000y\000m\000e\000n\000t}{section.3.4}% 72
\BOOKMARK [1][-]{section.3.5}{\376\377\000C\000o\000n\000c\000l\000u\000s\000i\000o\000n}{chapter.3}% 73
\BOOKMARK [0][-]{chapter.4}{\376\377\000D\000E\000M\000O\000N\000S\000T\000R\000A\000T\000I\000O\000N\000\040\000A\000N\000D\000\040\000E\000V\000A\000L\000U\000A\000T\000I\000O\000N}{}% 74
\BOOKMARK [1][-]{section.4.1}{\376\377\000I\000n\000t\000r\000o\000d\000u\000c\000t\000i\000o\000n}{chapter.4}% 75
\BOOKMARK [1][-]{section.4.2}{\376\377\000P\000a\000r\000t\000\040\000I\000:\000\040\000D\000e\000m\000o\000n\000s\000t\000r\000a\000t\000i\000o\000n}{chapter.4}% 76
\BOOKMARK [2][-]{subsection.4.2.1}{\376\377\000S\000y\000s\000t\000e\000m\000\040\000O\000v\000e\000r\000v\000i\000e\000w\000\040\000a\000t\000\040\000D\000e\000m\000o\000\040\000T\000i\000m\000e}{section.4.2}% 77
\BOOKMARK [2][-]{subsection.4.2.2}{\376\377\000P\000i\000p\000e\000l\000i\000n\000e\000\040\000E\000x\000e\000c\000u\000t\000i\000o\000n}{section.4.2}% 78
\BOOKMARK [2][-]{subsection.4.2.3}{\376\377\000E\000x\000a\000m\000p\000l\000e\000\040\000Q\000u\000e\000r\000i\000e\000s\000\040\000a\000n\000d\000\040\000S\000y\000s\000t\000e\000m\000\040\000R\000e\000s\000p\000o\000n\000s\000e\000s}{section.4.2}% 79
\BOOKMARK [2][-]{subsection.4.2.4}{\376\377\000P\000i\000p\000e\000l\000i\000n\000e\000\040\000E\000x\000e\000c\000u\000t\000i\000o\000n\000\040\000W\000a\000l\000k\000t\000h\000r\000o\000u\000g\000h}{section.4.2}% 80
\BOOKMARK [1][-]{section.4.3}{\376\377\000P\000a\000r\000t\000\040\000I\000I\000:\000\040\000E\000v\000a\000l\000u\000a\000t\000i\000o\000n}{chapter.4}% 81
\BOOKMARK [2][-]{subsection.4.3.1}{\376\377\000T\000r\000a\000i\000n\000i\000n\000g\000\040\000R\000e\000s\000u\000l\000t\000s}{section.4.3}% 82
\BOOKMARK [2][-]{subsection.4.3.2}{\376\377\000R\000e\000t\000r\000i\000e\000v\000a\000l\000\040\000E\000v\000a\000l\000u\000a\000t\000i\000o\000n}{section.4.3}% 83
\BOOKMARK [2][-]{subsection.4.3.3}{\376\377\000E\000x\000p\000e\000r\000t\000\040\000E\000v\000a\000l\000u\000a\000t\000i\000o\000n\000\040\000b\000y\000\040\000L\000e\000g\000a\000l\000\040\000P\000r\000o\000f\000e\000s\000s\000i\000o\000n\000a\000l\000s}{section.4.3}% 84
\BOOKMARK [2][-]{subsection.4.3.4}{\376\377\000O\000n\000-\000P\000r\000e\000m\000i\000s\000e\000s\000\040\000C\000o\000m\000p\000l\000i\000a\000n\000c\000e}{section.4.3}% 85
\BOOKMARK [2][-]{subsection.4.3.5}{\376\377\000O\000b\000j\000e\000c\000t\000i\000v\000e\000s\000\040\000S\000u\000m\000m\000a\000r\000y}{section.4.3}% 86
\BOOKMARK [2][-]{subsection.4.3.6}{\376\377\000L\000i\000m\000i\000t\000a\000t\000i\000o\000n\000s\000\040\000a\000n\000d\000\040\000I\000d\000e\000n\000t\000i\000f\000i\000e\000d\000\040\000I\000m\000p\000r\000o\000v\000e\000m\000e\000n\000t\000s}{section.4.3}% 87
\BOOKMARK [1][-]{section.4.4}{\376\377\000C\000o\000n\000c\000l\000u\000s\000i\000o\000n}{chapter.4}% 88
\BOOKMARK [0][-]{chapter*.7}{\376\377\000G\000e\000n\000e\000r\000a\000l\000\040\000C\000o\000n\000c\000l\000u\000s\000i\000o\000n}{}% 89
\BOOKMARK [0][-]{appendix.A}{\376\377\000L\000e\000g\000a\000l\000\040\000A\000r\000t\000i\000c\000l\000e\000\040\000E\000n\000r\000i\000c\000h\000m\000e\000n\000t\000\040\000S\000c\000h\000e\000m\000a}{}% 90
\BOOKMARK [0][-]{appendix.B}{\376\377\000F\000i\000n\000e\000-\000T\000u\000n\000i\000n\000g\000\040\000D\000a\000t\000a\000s\000e\000t\000:\000\040\000F\000u\000l\000l\000\040\000R\000e\000f\000e\000r\000e\000n\000c\000e}{}% 91
\BOOKMARK [0][-]{appendix*.9}{\376\377\000A\000p\000p\000e\000n\000d\000i\000x\000\040\000C\000:\000\040\000C\000a\000r\000b\000o\000n\000\040\000F\000o\000o\000t\000p\000r\000i\000n\000t\000\040\000o\000f\000\040\000t\000h\000e\000\040\000F\000i\000n\000a\000l\000\040\000Y\000e\000a\000r\000\040\000P\000r\000o\000j\000e\000c\000t}{}% 92
